Filesystem      Size  Used Avail Use% Mounted on
/dev/sdd2        62G   49G   11G  83% /
Filesystem      Size  Used Avail Use% Mounted on
/dev/sdd2        62G   49G   11G  83% /
